// Jest Snapshot v1, https://goo.gl/fbAQLP

exports[`FollowDisplay component renders correctly 1`] = `
<div
  className="ui raised card"
  href={undefined}
  onClick={[Function]}
>
  <div
    style={
      Object {
        "margin": "auto",
      }
    }
  >
    <a
      href="/user/undefined/profile"
      onClick={[Function]}
    >
      <img
        alt=""
        className="ui centered image smallDisplay"
        height={undefined}
        src="/default-profile.png"
        width={undefined}
      />
    </a>
    <a
      href="/user/undefined/profile"
      onClick={[Function]}
    />
  </div>
</div>
`;
